[     105ms] [WARNING] No `HydrateFallback` element provided to render during initial hydration @ http://localhost:5173/assets/index-Delrl8Nt.js:49
[     232ms] [ERROR] Access to XMLHttpRequest at 'http://localhost:8000/api/v1/upload/?limit=200' from origin 'http://localhost:5173' has been blocked by CORS policy: No 'Access-Control-Allow-Origin' header is present on the requested resource. @ http://localhost:5173/outreach:0
[     234ms] [ERROR] Failed to load resource: net::ERR_FAILED @ http://localhost:8000/api/v1/upload/?limit=200:0
[     257ms] [ERROR] Access to XMLHttpRequest at 'http://localhost:8000/api/v1/outreach/?limit=1' from origin 'http://localhost:5173' has been blocked by CORS policy: No 'Access-Control-Allow-Origin' header is present on the requested resource. @ http://localhost:5173/outreach:0
[     258ms] [ERROR] Failed to load resource: net::ERR_FAILED @ http://localhost:8000/api/v1/outreach/?limit=1:0
[     272ms] [ERROR] Access to XMLHttpRequest at 'http://localhost:8000/api/v1/outreach/?sent_status=not_sent&limit=1' from origin 'http://localhost:5173' has been blocked by CORS policy: No 'Access-Control-Allow-Origin' header is present on the requested resource. @ http://localhost:5173/outreach:0
[     272ms] [ERROR] Failed to load resource: net::ERR_FAILED @ http://localhost:8000/api/v1/outreach/?sent_status=not_sent&limit=1:0
[     288ms] [ERROR] Access to XMLHttpRequest at 'http://localhost:8000/api/v1/outreach/?limit=100' from origin 'http://localhost:5173' has been blocked by CORS policy: No 'Access-Control-Allow-Origin' header is present on the requested resource. @ http://localhost:5173/outreach:0
[     288ms] [ERROR] Failed to load resource: net::ERR_FAILED @ http://localhost:8000/api/v1/outreach/?limit=100:0
[     325ms] [ERROR] Access to XMLHttpRequest at 'http://localhost:8000/api/v1/outreach/?sent_status=sent&limit=1' from origin 'http://localhost:5173' has been blocked by CORS policy: No 'Access-Control-Allow-Origin' header is present on the requested resource. @ http://localhost:5173/outreach:0
[     325ms] [ERROR] Failed to load resource: net::ERR_FAILED @ http://localhost:8000/api/v1/outreach/?sent_status=sent&limit=1:0
[     326ms] [ERROR] Access to XMLHttpRequest at 'http://localhost:8000/api/v1/outreach/?sent_status=failed&limit=1' from origin 'http://localhost:5173' has been blocked by CORS policy: No 'Access-Control-Allow-Origin' header is present on the requested resource. @ http://localhost:5173/outreach:0
[     327ms] [ERROR] Failed to load resource: net::ERR_FAILED @ http://localhost:8000/api/v1/outreach/?sent_status=failed&limit=1:0
[    1275ms] [ERROR] Access to XMLHttpRequest at 'http://localhost:8000/api/v1/upload/?limit=200' from origin 'http://localhost:5173' has been blocked by CORS policy: No 'Access-Control-Allow-Origin' header is present on the requested resource. @ http://localhost:5173/outreach:0
[    1276ms] [ERROR] Failed to load resource: net::ERR_FAILED @ http://localhost:8000/api/v1/upload/?limit=200:0
[    1317ms] [ERROR] Access to XMLHttpRequest at 'http://localhost:8000/api/v1/outreach/?limit=1' from origin 'http://localhost:5173' has been blocked by CORS policy: No 'Access-Control-Allow-Origin' header is present on the requested resource. @ http://localhost:5173/outreach:0
[    1317ms] [ERROR] Failed to load resource: net::ERR_FAILED @ http://localhost:8000/api/v1/outreach/?limit=1:0
[    1335ms] [ERROR] Access to XMLHttpRequest at 'http://localhost:8000/api/v1/outreach/?sent_status=not_sent&limit=1' from origin 'http://localhost:5173' has been blocked by CORS policy: No 'Access-Control-Allow-Origin' header is present on the requested resource. @ http://localhost:5173/outreach:0
[    1335ms] [ERROR] Failed to load resource: net::ERR_FAILED @ http://localhost:8000/api/v1/outreach/?sent_status=not_sent&limit=1:0
[    1342ms] [ERROR] Access to XMLHttpRequest at 'http://localhost:8000/api/v1/outreach/?limit=100' from origin 'http://localhost:5173' has been blocked by CORS policy: No 'Access-Control-Allow-Origin' header is present on the requested resource. @ http://localhost:5173/outreach:0
[    1343ms] [ERROR] Failed to load resource: net::ERR_FAILED @ http://localhost:8000/api/v1/outreach/?limit=100:0
[    1371ms] [ERROR] Access to XMLHttpRequest at 'http://localhost:8000/api/v1/outreach/?sent_status=failed&limit=1' from origin 'http://localhost:5173' has been blocked by CORS policy: No 'Access-Control-Allow-Origin' header is present on the requested resource. @ http://localhost:5173/outreach:0
[    1372ms] [ERROR] Failed to load resource: net::ERR_FAILED @ http://localhost:8000/api/v1/outreach/?sent_status=failed&limit=1:0
[    1392ms] [ERROR] Access to XMLHttpRequest at 'http://localhost:8000/api/v1/outreach/?sent_status=sent&limit=1' from origin 'http://localhost:5173' has been blocked by CORS policy: No 'Access-Control-Allow-Origin' header is present on the requested resource. @ http://localhost:5173/outreach:0
[    1393ms] [ERROR] Failed to load resource: net::ERR_FAILED @ http://localhost:8000/api/v1/outreach/?sent_status=sent&limit=1:0
[    3333ms] [ERROR] Access to XMLHttpRequest at 'http://localhost:8000/api/v1/upload/?limit=200' from origin 'http://localhost:5173' has been blocked by CORS policy: No 'Access-Control-Allow-Origin' header is present on the requested resource. @ http://localhost:5173/outreach:0
[    3335ms] [ERROR] Failed to load resource: net::ERR_FAILED @ http://localhost:8000/api/v1/upload/?limit=200:0
[    3369ms] [ERROR] Access to XMLHttpRequest at 'http://localhost:8000/api/v1/outreach/?limit=1' from origin 'http://localhost:5173' has been blocked by CORS policy: No 'Access-Control-Allow-Origin' header is present on the requested resource. @ http://localhost:5173/outreach:0
[    3369ms] [ERROR] Failed to load resource: net::ERR_FAILED @ http://localhost:8000/api/v1/outreach/?limit=1:0
[    3386ms] [ERROR] Access to XMLHttpRequest at 'http://localhost:8000/api/v1/outreach/?limit=100' from origin 'http://localhost:5173' has been blocked by CORS policy: No 'Access-Control-Allow-Origin' header is present on the requested resource. @ http://localhost:5173/outreach:0
[    3387ms] [ERROR] Failed to load resource: net::ERR_FAILED @ http://localhost:8000/api/v1/outreach/?limit=100:0
[    3405ms] [ERROR] Access to XMLHttpRequest at 'http://localhost:8000/api/v1/outreach/?sent_status=not_sent&limit=1' from origin 'http://localhost:5173' has been blocked by CORS policy: No 'Access-Control-Allow-Origin' header is present on the requested resource. @ http://localhost:5173/outreach:0
[    3406ms] [ERROR] Failed to load resource: net::ERR_FAILED @ http://localhost:8000/api/v1/outreach/?sent_status=not_sent&limit=1:0
[    3421ms] [ERROR] Access to XMLHttpRequest at 'http://localhost:8000/api/v1/outreach/?sent_status=failed&limit=1' from origin 'http://localhost:5173' has been blocked by CORS policy: No 'Access-Control-Allow-Origin' header is present on the requested resource. @ http://localhost:5173/outreach:0
[    3422ms] [ERROR] Failed to load resource: net::ERR_FAILED @ http://localhost:8000/api/v1/outreach/?sent_status=failed&limit=1:0
[    3439ms] [ERROR] Access to XMLHttpRequest at 'http://localhost:8000/api/v1/outreach/?sent_status=sent&limit=1' from origin 'http://localhost:5173' has been blocked by CORS policy: No 'Access-Control-Allow-Origin' header is present on the requested resource. @ http://localhost:5173/outreach:0
[    3439ms] [ERROR] Failed to load resource: net::ERR_FAILED @ http://localhost:8000/api/v1/outreach/?sent_status=sent&limit=1:0
