[    1413ms] [WARNING] No `HydrateFallback` element provided to render during initial hydration @ http://localhost:5173/assets/index-Delrl8Nt.js:49
[  170832ms] [WARNING] No `HydrateFallback` element provided to render during initial hydration @ http://localhost:5173/assets/index-BiSzbFX_.js:49
[  345610ms] [VERBOSE] [DOM] Input elements should have autocomplete attributes (suggested: "current-password"): (More info: https://goo.gl/9p2vKq) %o @ http://localhost:5173/login?mode=signup:0
[  368637ms] [VERBOSE] [DOM] Input elements should have autocomplete attributes (suggested: "current-password"): (More info: https://goo.gl/9p2vKq) %o @ http://localhost:5173/login?mode=signup:0
[  379320ms] [VERBOSE] [DOM] Input elements should have autocomplete attributes (suggested: "current-password"): (More info: https://goo.gl/9p2vKq) %o @ http://localhost:5173/login:0
[  388432ms] [WARNING] No `HydrateFallback` element provided to render during initial hydration @ http://localhost:5173/assets/index-BiSzbFX_.js:49
[  388697ms] [ERROR] Access to XMLHttpRequest at 'http://localhost:8000/api/v1/upload/?limit=500' from origin 'http://localhost:5173' has been blocked by CORS policy: No 'Access-Control-Allow-Origin' header is present on the requested resource. @ http://localhost:5173/dashboard:0
[  388700ms] [ERROR] Failed to load resource: net::ERR_FAILED @ http://localhost:8000/api/v1/upload/?limit=500:0
[  388700ms] [ERROR] Access to XMLHttpRequest at 'http://localhost:8000/api/v1/job-descriptions/?limit=500' from origin 'http://localhost:5173' has been blocked by CORS policy: No 'Access-Control-Allow-Origin' header is present on the requested resource. @ http://localhost:5173/dashboard:0
[  388701ms] [ERROR] Failed to load resource: net::ERR_FAILED @ http://localhost:8000/api/v1/job-descriptions/?limit=500:0
[  388857ms] [ERROR] Access to XMLHttpRequest at 'http://localhost:8000/api/v1/outreach/?limit=10' from origin 'http://localhost:5173' has been blocked by CORS policy: No 'Access-Control-Allow-Origin' header is present on the requested resource. @ http://localhost:5173/dashboard:0
[  388857ms] [ERROR] Failed to load resource: net::ERR_FAILED @ http://localhost:8000/api/v1/outreach/?limit=10:0
[  388898ms] [ERROR] Access to XMLHttpRequest at 'http://localhost:8000/api/v1/shortlist/collections/?user_id=00000000-0000-0000-0000-000000000000&limit=4' from origin 'http://localhost:5173' has been blocked by CORS policy: No 'Access-Control-Allow-Origin' header is present on the requested resource. @ http://localhost:5173/dashboard:0
[  388899ms] [ERROR] Failed to load resource: net::ERR_FAILED @ http://localhost:8000/api/v1/shortlist/collections/?user_id=00000000-0000-0000-0000-000000000000&limit=4:0
[  388909ms] [ERROR] Access to XMLHttpRequest at 'http://localhost:8000/api/v1/outreach/?sent_status=not_sent&limit=1' from origin 'http://localhost:5173' has been blocked by CORS policy: No 'Access-Control-Allow-Origin' header is present on the requested resource. @ http://localhost:5173/dashboard:0
[  388910ms] [ERROR] Failed to load resource: net::ERR_FAILED @ http://localhost:8000/api/v1/outreach/?sent_status=not_sent&limit=1:0
[  389725ms] [ERROR] Access to XMLHttpRequest at 'http://localhost:8000/api/v1/job-descriptions/?limit=500' from origin 'http://localhost:5173' has been blocked by CORS policy: No 'Access-Control-Allow-Origin' header is present on the requested resource. @ http://localhost:5173/dashboard:0
[  389726ms] [ERROR] Failed to load resource: net::ERR_FAILED @ http://localhost:8000/api/v1/job-descriptions/?limit=500:0
[  389727ms] [ERROR] Access to XMLHttpRequest at 'http://localhost:8000/api/v1/upload/?limit=500' from origin 'http://localhost:5173' has been blocked by CORS policy: No 'Access-Control-Allow-Origin' header is present on the requested resource. @ http://localhost:5173/dashboard:0
[  389727ms] [ERROR] Failed to load resource: net::ERR_FAILED @ http://localhost:8000/api/v1/upload/?limit=500:0
[  389906ms] [ERROR] Access to XMLHttpRequest at 'http://localhost:8000/api/v1/outreach/?limit=10' from origin 'http://localhost:5173' has been blocked by CORS policy: No 'Access-Control-Allow-Origin' header is present on the requested resource. @ http://localhost:5173/dashboard:0
[  389907ms] [ERROR] Failed to load resource: net::ERR_FAILED @ http://localhost:8000/api/v1/outreach/?limit=10:0
[  389933ms] [ERROR] Access to XMLHttpRequest at 'http://localhost:8000/api/v1/outreach/?sent_status=not_sent&limit=1' from origin 'http://localhost:5173' has been blocked by CORS policy: No 'Access-Control-Allow-Origin' header is present on the requested resource. @ http://localhost:5173/dashboard:0
[  389934ms] [ERROR] Failed to load resource: net::ERR_FAILED @ http://localhost:8000/api/v1/outreach/?sent_status=not_sent&limit=1:0
[  391742ms] [ERROR] Access to XMLHttpRequest at 'http://localhost:8000/api/v1/job-descriptions/?limit=500' from origin 'http://localhost:5173' has been blocked by CORS policy: No 'Access-Control-Allow-Origin' header is present on the requested resource. @ http://localhost:5173/dashboard:0
[  391743ms] [ERROR] Failed to load resource: net::ERR_FAILED @ http://localhost:8000/api/v1/job-descriptions/?limit=500:0
[  391750ms] [ERROR] Access to XMLHttpRequest at 'http://localhost:8000/api/v1/upload/?limit=500' from origin 'http://localhost:5173' has been blocked by CORS policy: No 'Access-Control-Allow-Origin' header is present on the requested resource. @ http://localhost:5173/dashboard:0
[  391750ms] [ERROR] Failed to load resource: net::ERR_FAILED @ http://localhost:8000/api/v1/upload/?limit=500:0
[  391925ms] [ERROR] Access to XMLHttpRequest at 'http://localhost:8000/api/v1/outreach/?limit=10' from origin 'http://localhost:5173' has been blocked by CORS policy: No 'Access-Control-Allow-Origin' header is present on the requested resource. @ http://localhost:5173/dashboard:0
[  391925ms] [ERROR] Failed to load resource: net::ERR_FAILED @ http://localhost:8000/api/v1/outreach/?limit=10:0
[  391957ms] [ERROR] Access to XMLHttpRequest at 'http://localhost:8000/api/v1/outreach/?sent_status=not_sent&limit=1' from origin 'http://localhost:5173' has been blocked by CORS policy: No 'Access-Control-Allow-Origin' header is present on the requested resource. @ http://localhost:5173/dashboard:0
[  391958ms] [ERROR] Failed to load resource: net::ERR_FAILED @ http://localhost:8000/api/v1/outreach/?sent_status=not_sent&limit=1:0
[  410225ms] [ERROR] Access to XMLHttpRequest at 'http://localhost:8000/api/v1/upload/?limit=50&offset=0' from origin 'http://localhost:5173' has been blocked by CORS policy: No 'Access-Control-Allow-Origin' header is present on the requested resource. @ http://localhost:5173/candidates:0
[  410225ms] [ERROR] Failed to load resource: net::ERR_FAILED @ http://localhost:8000/api/v1/upload/?limit=50&offset=0:0
[  411252ms] [ERROR] Access to XMLHttpRequest at 'http://localhost:8000/api/v1/upload/?limit=50&offset=0' from origin 'http://localhost:5173' has been blocked by CORS policy: No 'Access-Control-Allow-Origin' header is present on the requested resource. @ http://localhost:5173/candidates:0
[  411252ms] [ERROR] Failed to load resource: net::ERR_FAILED @ http://localhost:8000/api/v1/upload/?limit=50&offset=0:0
[  412801ms] [ERROR] Access to XMLHttpRequest at 'http://localhost:8000/api/v1/upload/?limit=500' from origin 'http://localhost:5173' has been blocked by CORS policy: No 'Access-Control-Allow-Origin' header is present on the requested resource. @ http://localhost:5173/dashboard:0
[  412802ms] [ERROR] Failed to load resource: net::ERR_FAILED @ http://localhost:8000/api/v1/upload/?limit=500:0
[  412802ms] [ERROR] Access to XMLHttpRequest at 'http://localhost:8000/api/v1/job-descriptions/?limit=500' from origin 'http://localhost:5173' has been blocked by CORS policy: No 'Access-Control-Allow-Origin' header is present on the requested resource. @ http://localhost:5173/dashboard:0
[  412802ms] [ERROR] Failed to load resource: net::ERR_FAILED @ http://localhost:8000/api/v1/job-descriptions/?limit=500:0
[  412811ms] [ERROR] Access to XMLHttpRequest at 'http://localhost:8000/api/v1/outreach/?sent_status=not_sent&limit=1' from origin 'http://localhost:5173' has been blocked by CORS policy: No 'Access-Control-Allow-Origin' header is present on the requested resource. @ http://localhost:5173/dashboard:0
[  412812ms] [ERROR] Failed to load resource: net::ERR_FAILED @ http://localhost:8000/api/v1/outreach/?sent_status=not_sent&limit=1:0
[  412824ms] [ERROR] Access to XMLHttpRequest at 'http://localhost:8000/api/v1/outreach/?limit=10' from origin 'http://localhost:5173' has been blocked by CORS policy: No 'Access-Control-Allow-Origin' header is present on the requested resource. @ http://localhost:5173/dashboard:0
[  412825ms] [ERROR] Failed to load resource: net::ERR_FAILED @ http://localhost:8000/api/v1/outreach/?limit=10:0
[  413809ms] [ERROR] Access to XMLHttpRequest at 'http://localhost:8000/api/v1/upload/?limit=500' from origin 'http://localhost:5173' has been blocked by CORS policy: No 'Access-Control-Allow-Origin' header is present on the requested resource. @ http://localhost:5173/dashboard:0
[  413810ms] [ERROR] Failed to load resource: net::ERR_FAILED @ http://localhost:8000/api/v1/upload/?limit=500:0
[  413810ms] [ERROR] Access to XMLHttpRequest at 'http://localhost:8000/api/v1/job-descriptions/?limit=500' from origin 'http://localhost:5173' has been blocked by CORS policy: No 'Access-Control-Allow-Origin' header is present on the requested resource. @ http://localhost:5173/dashboard:0
[  413810ms] [ERROR] Failed to load resource: net::ERR_FAILED @ http://localhost:8000/api/v1/job-descriptions/?limit=500:0
[  413832ms] [ERROR] Access to XMLHttpRequest at 'http://localhost:8000/api/v1/outreach/?sent_status=not_sent&limit=1' from origin 'http://localhost:5173' has been blocked by CORS policy: No 'Access-Control-Allow-Origin' header is present on the requested resource. @ http://localhost:5173/dashboard:0
[  413832ms] [ERROR] Failed to load resource: net::ERR_FAILED @ http://localhost:8000/api/v1/outreach/?sent_status=not_sent&limit=1:0
[  413849ms] [ERROR] Access to XMLHttpRequest at 'http://localhost:8000/api/v1/outreach/?limit=10' from origin 'http://localhost:5173' has been blocked by CORS policy: No 'Access-Control-Allow-Origin' header is present on the requested resource. @ http://localhost:5173/dashboard:0
[  413850ms] [ERROR] Failed to load resource: net::ERR_FAILED @ http://localhost:8000/api/v1/outreach/?limit=10:0
[  415825ms] [ERROR] Access to XMLHttpRequest at 'http://localhost:8000/api/v1/job-descriptions/?limit=500' from origin 'http://localhost:5173' has been blocked by CORS policy: No 'Access-Control-Allow-Origin' header is present on the requested resource. @ http://localhost:5173/dashboard:0
[  415826ms] [ERROR] Failed to load resource: net::ERR_FAILED @ http://localhost:8000/api/v1/job-descriptions/?limit=500:0
[  415838ms] [ERROR] Access to XMLHttpRequest at 'http://localhost:8000/api/v1/upload/?limit=500' from origin 'http://localhost:5173' has been blocked by CORS policy: No 'Access-Control-Allow-Origin' header is present on the requested resource. @ http://localhost:5173/dashboard:0
[  415838ms] [ERROR] Failed to load resource: net::ERR_FAILED @ http://localhost:8000/api/v1/upload/?limit=500:0
[  415856ms] [ERROR] Access to XMLHttpRequest at 'http://localhost:8000/api/v1/outreach/?sent_status=not_sent&limit=1' from origin 'http://localhost:5173' has been blocked by CORS policy: No 'Access-Control-Allow-Origin' header is present on the requested resource. @ http://localhost:5173/dashboard:0
[  415857ms] [ERROR] Failed to load resource: net::ERR_FAILED @ http://localhost:8000/api/v1/outreach/?sent_status=not_sent&limit=1:0
[  415877ms] [ERROR] Access to XMLHttpRequest at 'http://localhost:8000/api/v1/outreach/?limit=10' from origin 'http://localhost:5173' has been blocked by CORS policy: No 'Access-Control-Allow-Origin' header is present on the requested resource. @ http://localhost:5173/dashboard:0
[  415877ms] [ERROR] Failed to load resource: net::ERR_FAILED @ http://localhost:8000/api/v1/outreach/?limit=10:0
[  418280ms] [ERROR] Access to XMLHttpRequest at 'http://localhost:8000/api/v1/job-descriptions/?limit=200' from origin 'http://localhost:5173' has been blocked by CORS policy: No 'Access-Control-Allow-Origin' header is present on the requested resource. @ http://localhost:5173/job-descriptions:0
[  418281ms] [ERROR] Failed to load resource: net::ERR_FAILED @ http://localhost:8000/api/v1/job-descriptions/?limit=200:0
[  419303ms] [ERROR] Access to XMLHttpRequest at 'http://localhost:8000/api/v1/job-descriptions/?limit=200' from origin 'http://localhost:5173' has been blocked by CORS policy: No 'Access-Control-Allow-Origin' header is present on the requested resource. @ http://localhost:5173/job-descriptions:0
[  419304ms] [ERROR] Failed to load resource: net::ERR_FAILED @ http://localhost:8000/api/v1/job-descriptions/?limit=200:0
[  421348ms] [ERROR] Access to XMLHttpRequest at 'http://localhost:8000/api/v1/job-descriptions/?limit=200' from origin 'http://localhost:5173' has been blocked by CORS policy: No 'Access-Control-Allow-Origin' header is present on the requested resource. @ http://localhost:5173/job-descriptions:0
[  421349ms] [ERROR] Failed to load resource: net::ERR_FAILED @ http://localhost:8000/api/v1/job-descriptions/?limit=200:0
[  422382ms] [ERROR] Access to XMLHttpRequest at 'http://localhost:8000/api/v1/upload/?limit=50&offset=0' from origin 'http://localhost:5173' has been blocked by CORS policy: No 'Access-Control-Allow-Origin' header is present on the requested resource. @ http://localhost:5173/candidates:0
[  422383ms] [ERROR] Failed to load resource: net::ERR_FAILED @ http://localhost:8000/api/v1/upload/?limit=50&offset=0:0
[  423410ms] [ERROR] Access to XMLHttpRequest at 'http://localhost:8000/api/v1/upload/?limit=50&offset=0' from origin 'http://localhost:5173' has been blocked by CORS policy: No 'Access-Control-Allow-Origin' header is present on the requested resource. @ http://localhost:5173/candidates:0
[  423410ms] [ERROR] Failed to load resource: net::ERR_FAILED @ http://localhost:8000/api/v1/upload/?limit=50&offset=0:0
[  425441ms] [ERROR] Access to XMLHttpRequest at 'http://localhost:8000/api/v1/upload/?limit=50&offset=0' from origin 'http://localhost:5173' has been blocked by CORS policy: No 'Access-Control-Allow-Origin' header is present on the requested resource. @ http://localhost:5173/candidates:0
[  425441ms] [ERROR] Failed to load resource: net::ERR_FAILED @ http://localhost:8000/api/v1/upload/?limit=50&offset=0:0
[  429845ms] [ERROR] Access to XMLHttpRequest at 'http://localhost:8000/api/v1/interview-questions/?limit=50' from origin 'http://localhost:5173' has been blocked by CORS policy: No 'Access-Control-Allow-Origin' header is present on the requested resource. @ http://localhost:5173/interview-questions:0
[  429846ms] [ERROR] Failed to load resource: net::ERR_FAILED @ http://localhost:8000/api/v1/interview-questions/?limit=50:0
[  429856ms] [ERROR] Access to XMLHttpRequest at 'http://localhost:8000/api/v1/upload/?limit=100' from origin 'http://localhost:5173' has been blocked by CORS policy: No 'Access-Control-Allow-Origin' header is present on the requested resource. @ http://localhost:5173/interview-questions:0
[  429856ms] [ERROR] Failed to load resource: net::ERR_FAILED @ http://localhost:8000/api/v1/upload/?limit=100:0
[  429865ms] [ERROR] Access to XMLHttpRequest at 'http://localhost:8000/api/v1/job-descriptions/?limit=100&is_active=true' from origin 'http://localhost:5173' has been blocked by CORS policy: No 'Access-Control-Allow-Origin' header is present on the requested resource. @ http://localhost:5173/interview-questions:0
[  429865ms] [ERROR] Failed to load resource: net::ERR_FAILED @ http://localhost:8000/api/v1/job-descriptions/?limit=100&is_active=true:0
[  430885ms] [ERROR] Access to XMLHttpRequest at 'http://localhost:8000/api/v1/upload/?limit=100' from origin 'http://localhost:5173' has been blocked by CORS policy: No 'Access-Control-Allow-Origin' header is present on the requested resource. @ http://localhost:5173/interview-questions:0
[  430886ms] [ERROR] Failed to load resource: net::ERR_FAILED @ http://localhost:8000/api/v1/upload/?limit=100:0
[  430896ms] [ERROR] Access to XMLHttpRequest at 'http://localhost:8000/api/v1/interview-questions/?limit=50' from origin 'http://localhost:5173' has been blocked by CORS policy: No 'Access-Control-Allow-Origin' header is present on the requested resource. @ http://localhost:5173/interview-questions:0
[  430896ms] [ERROR] Failed to load resource: net::ERR_FAILED @ http://localhost:8000/api/v1/interview-questions/?limit=50:0
[  430902ms] [ERROR] Access to XMLHttpRequest at 'http://localhost:8000/api/v1/job-descriptions/?limit=100&is_active=true' from origin 'http://localhost:5173' has been blocked by CORS policy: No 'Access-Control-Allow-Origin' header is present on the requested resource. @ http://localhost:5173/interview-questions:0
[  430903ms] [ERROR] Failed to load resource: net::ERR_FAILED @ http://localhost:8000/api/v1/job-descriptions/?limit=100&is_active=true:0
[  432919ms] [ERROR] Access to XMLHttpRequest at 'http://localhost:8000/api/v1/upload/?limit=100' from origin 'http://localhost:5173' has been blocked by CORS policy: No 'Access-Control-Allow-Origin' header is present on the requested resource. @ http://localhost:5173/interview-questions:0
[  432920ms] [ERROR] Failed to load resource: net::ERR_FAILED @ http://localhost:8000/api/v1/upload/?limit=100:0
[  432928ms] [ERROR] Access to XMLHttpRequest at 'http://localhost:8000/api/v1/interview-questions/?limit=50' from origin 'http://localhost:5173' has been blocked by CORS policy: No 'Access-Control-Allow-Origin' header is present on the requested resource. @ http://localhost:5173/interview-questions:0
[  432929ms] [ERROR] Failed to load resource: net::ERR_FAILED @ http://localhost:8000/api/v1/interview-questions/?limit=50:0
[  432936ms] [ERROR] Access to XMLHttpRequest at 'http://localhost:8000/api/v1/job-descriptions/?limit=100&is_active=true' from origin 'http://localhost:5173' has been blocked by CORS policy: No 'Access-Control-Allow-Origin' header is present on the requested resource. @ http://localhost:5173/interview-questions:0
[  432936ms] [ERROR] Failed to load resource: net::ERR_FAILED @ http://localhost:8000/api/v1/job-descriptions/?limit=100&is_active=true:0
