[     250ms] [WARNING] No `HydrateFallback` element provided to render during initial hydration @ http://localhost:5173/assets/index-Delrl8Nt.js:49
[    1195ms] [ERROR] Access to XMLHttpRequest at 'http://localhost:8000/api/v1/job-descriptions/?limit=100&is_active=true' from origin 'http://localhost:5173' has been blocked by CORS policy: No 'Access-Control-Allow-Origin' header is present on the requested resource. @ http://localhost:5173/interview-questions:0
[    1201ms] [ERROR] Failed to load resource: net::ERR_FAILED @ http://localhost:8000/api/v1/job-descriptions/?limit=100&is_active=true:0
[    1262ms] [ERROR] Access to XMLHttpRequest at 'http://localhost:8000/api/v1/upload/?limit=100' from origin 'http://localhost:5173' has been blocked by CORS policy: No 'Access-Control-Allow-Origin' header is present on the requested resource. @ http://localhost:5173/interview-questions:0
[    1262ms] [ERROR] Failed to load resource: net::ERR_FAILED @ http://localhost:8000/api/v1/upload/?limit=100:0
[    1279ms] [ERROR] Access to XMLHttpRequest at 'http://localhost:8000/api/v1/interview-questions/?limit=50' from origin 'http://localhost:5173' has been blocked by CORS policy: No 'Access-Control-Allow-Origin' header is present on the requested resource. @ http://localhost:5173/interview-questions:0
[    1280ms] [ERROR] Failed to load resource: net::ERR_FAILED @ http://localhost:8000/api/v1/interview-questions/?limit=50:0
[    2267ms] [ERROR] Access to XMLHttpRequest at 'http://localhost:8000/api/v1/job-descriptions/?limit=100&is_active=true' from origin 'http://localhost:5173' has been blocked by CORS policy: No 'Access-Control-Allow-Origin' header is present on the requested resource. @ http://localhost:5173/interview-questions:0
[    2268ms] [ERROR] Failed to load resource: net::ERR_FAILED @ http://localhost:8000/api/v1/job-descriptions/?limit=100&is_active=true:0
[    2320ms] [ERROR] Access to XMLHttpRequest at 'http://localhost:8000/api/v1/interview-questions/?limit=50' from origin 'http://localhost:5173' has been blocked by CORS policy: No 'Access-Control-Allow-Origin' header is present on the requested resource. @ http://localhost:5173/interview-questions:0
[    2322ms] [ERROR] Failed to load resource: net::ERR_FAILED @ http://localhost:8000/api/v1/interview-questions/?limit=50:0
[    2337ms] [ERROR] Access to XMLHttpRequest at 'http://localhost:8000/api/v1/upload/?limit=100' from origin 'http://localhost:5173' has been blocked by CORS policy: No 'Access-Control-Allow-Origin' header is present on the requested resource. @ http://localhost:5173/interview-questions:0
[    2337ms] [ERROR] Failed to load resource: net::ERR_FAILED @ http://localhost:8000/api/v1/upload/?limit=100:0
[    4331ms] [ERROR] Access to XMLHttpRequest at 'http://localhost:8000/api/v1/job-descriptions/?limit=100&is_active=true' from origin 'http://localhost:5173' has been blocked by CORS policy: No 'Access-Control-Allow-Origin' header is present on the requested resource. @ http://localhost:5173/interview-questions:0
[    4333ms] [ERROR] Failed to load resource: net::ERR_FAILED @ http://localhost:8000/api/v1/job-descriptions/?limit=100&is_active=true:0
[    4387ms] [ERROR] Access to XMLHttpRequest at 'http://localhost:8000/api/v1/interview-questions/?limit=50' from origin 'http://localhost:5173' has been blocked by CORS policy: No 'Access-Control-Allow-Origin' header is present on the requested resource. @ http://localhost:5173/interview-questions:0
[    4388ms] [ERROR] Failed to load resource: net::ERR_FAILED @ http://localhost:8000/api/v1/interview-questions/?limit=50:0
[    4420ms] [ERROR] Access to XMLHttpRequest at 'http://localhost:8000/api/v1/upload/?limit=100' from origin 'http://localhost:5173' has been blocked by CORS policy: No 'Access-Control-Allow-Origin' header is present on the requested resource. @ http://localhost:5173/interview-questions:0
[    4421ms] [ERROR] Failed to load resource: net::ERR_FAILED @ http://localhost:8000/api/v1/upload/?limit=100:0
[   59465ms] [WARNING] No `HydrateFallback` element provided to render during initial hydration @ http://localhost:5173/assets/index-Delrl8Nt.js:49
