[     106ms] [WARNING] No `HydrateFallback` element provided to render during initial hydration @ http://localhost:5173/assets/index-Delrl8Nt.js:49
[     518ms] [ERROR] Access to XMLHttpRequest at 'http://localhost:8000/api/v1/upload/?limit=500' from origin 'http://localhost:5173' has been blocked by CORS policy: No 'Access-Control-Allow-Origin' header is present on the requested resource. @ http://localhost:5173/dashboard:0
[     524ms] [ERROR] Failed to load resource: net::ERR_FAILED @ http://localhost:8000/api/v1/upload/?limit=500:0
[     540ms] [ERROR] Access to XMLHttpRequest at 'http://localhost:8000/api/v1/job-descriptions/?limit=500' from origin 'http://localhost:5173' has been blocked by CORS policy: No 'Access-Control-Allow-Origin' header is present on the requested resource. @ http://localhost:5173/dashboard:0
[     540ms] [ERROR] Failed to load resource: net::ERR_FAILED @ http://localhost:8000/api/v1/job-descriptions/?limit=500:0
[    1055ms] [ERROR] Access to XMLHttpRequest at 'http://localhost:8000/api/v1/outreach/?limit=10' from origin 'http://localhost:5173' has been blocked by CORS policy: No 'Access-Control-Allow-Origin' header is present on the requested resource. @ http://localhost:5173/dashboard:0
[    1056ms] [ERROR] Failed to load resource: net::ERR_FAILED @ http://localhost:8000/api/v1/outreach/?limit=10:0
[    1199ms] [ERROR] Access to XMLHttpRequest at 'http://localhost:8000/api/v1/shortlist/collections/?user_id=00000000-0000-0000-0000-000000000000&limit=4' from origin 'http://localhost:5173' has been blocked by CORS policy: No 'Access-Control-Allow-Origin' header is present on the requested resource. @ http://localhost:5173/dashboard:0
[    1201ms] [ERROR] Failed to load resource: net::ERR_FAILED @ http://localhost:8000/api/v1/shortlist/collections/?user_id=00000000-0000-0000-0000-000000000000&limit=4:0
[    1201ms] [ERROR] Access to XMLHttpRequest at 'http://localhost:8000/api/v1/outreach/?sent_status=not_sent&limit=1' from origin 'http://localhost:5173' has been blocked by CORS policy: No 'Access-Control-Allow-Origin' header is present on the requested resource. @ http://localhost:5173/dashboard:0
[    1202ms] [ERROR] Failed to load resource: net::ERR_FAILED @ http://localhost:8000/api/v1/outreach/?sent_status=not_sent&limit=1:0
[    1550ms] [ERROR] Access to XMLHttpRequest at 'http://localhost:8000/api/v1/upload/?limit=500' from origin 'http://localhost:5173' has been blocked by CORS policy: No 'Access-Control-Allow-Origin' header is present on the requested resource. @ http://localhost:5173/dashboard:0
[    1551ms] [ERROR] Failed to load resource: net::ERR_FAILED @ http://localhost:8000/api/v1/upload/?limit=500:0
[    1557ms] [ERROR] Access to XMLHttpRequest at 'http://localhost:8000/api/v1/job-descriptions/?limit=500' from origin 'http://localhost:5173' has been blocked by CORS policy: No 'Access-Control-Allow-Origin' header is present on the requested resource. @ http://localhost:5173/dashboard:0
[    1558ms] [ERROR] Failed to load resource: net::ERR_FAILED @ http://localhost:8000/api/v1/job-descriptions/?limit=500:0
[    2120ms] [ERROR] Access to XMLHttpRequest at 'http://localhost:8000/api/v1/outreach/?limit=10' from origin 'http://localhost:5173' has been blocked by CORS policy: No 'Access-Control-Allow-Origin' header is present on the requested resource. @ http://localhost:5173/dashboard:0
[    2121ms] [ERROR] Failed to load resource: net::ERR_FAILED @ http://localhost:8000/api/v1/outreach/?limit=10:0
[    2242ms] [ERROR] Access to XMLHttpRequest at 'http://localhost:8000/api/v1/outreach/?sent_status=not_sent&limit=1' from origin 'http://localhost:5173' has been blocked by CORS policy: No 'Access-Control-Allow-Origin' header is present on the requested resource. @ http://localhost:5173/dashboard:0
[    2243ms] [ERROR] Failed to load resource: net::ERR_FAILED @ http://localhost:8000/api/v1/outreach/?sent_status=not_sent&limit=1:0
[    3589ms] [ERROR] Access to XMLHttpRequest at 'http://localhost:8000/api/v1/upload/?limit=500' from origin 'http://localhost:5173' has been blocked by CORS policy: No 'Access-Control-Allow-Origin' header is present on the requested resource. @ http://localhost:5173/dashboard:0
[    3599ms] [ERROR] Failed to load resource: net::ERR_FAILED @ http://localhost:8000/api/v1/upload/?limit=500:0
[    3618ms] [ERROR] Access to XMLHttpRequest at 'http://localhost:8000/api/v1/job-descriptions/?limit=500' from origin 'http://localhost:5173' has been blocked by CORS policy: No 'Access-Control-Allow-Origin' header is present on the requested resource. @ http://localhost:5173/dashboard:0
[    3620ms] [ERROR] Failed to load resource: net::ERR_FAILED @ http://localhost:8000/api/v1/job-descriptions/?limit=500:0
[    4151ms] [ERROR] Access to XMLHttpRequest at 'http://localhost:8000/api/v1/outreach/?limit=10' from origin 'http://localhost:5173' has been blocked by CORS policy: No 'Access-Control-Allow-Origin' header is present on the requested resource. @ http://localhost:5173/dashboard:0
[    4152ms] [ERROR] Failed to load resource: net::ERR_FAILED @ http://localhost:8000/api/v1/outreach/?limit=10:0
[    4301ms] [ERROR] Access to XMLHttpRequest at 'http://localhost:8000/api/v1/outreach/?sent_status=not_sent&limit=1' from origin 'http://localhost:5173' has been blocked by CORS policy: No 'Access-Control-Allow-Origin' header is present on the requested resource. @ http://localhost:5173/dashboard:0
[    4303ms] [ERROR] Failed to load resource: net::ERR_FAILED @ http://localhost:8000/api/v1/outreach/?sent_status=not_sent&limit=1:0
